// Jest Snapshot v1, https://goo.gl/fbAQLP

exports[`Stepper renders correctly 1`] = `null`;

exports[`Stepper renders with custom label 1`] = `null`;

exports[`Stepper renders without label 1`] = `null`;
